// Jest Snapshot v1, https://goo.gl/fbAQLP

exports[`PageHeader should display component 1`] = `
<div
  className="mainHeader"
>
  My header
</div>
`;
