// Jest Snapshot v1, https://goo.gl/fbAQLP

exports[`PageContent should display component 1`] = `
<div
  className="mainContent"
>
  My content
</div>
`;
